###############################################################################
#
# IAR ELF Linker V8.30.1.114/W32 for ARM                  23/Jul/2018  14:55:48
# Copyright 2007-2018 IAR Systems AB.
#
#    Output file  =  
#        H:\0 项目\电赛\学长2号\Prj\IAR\FX15_Debug\Exe\vcan_Kinetis.out
#    Map file     =  
#        H:\0 项目\电赛\学长2号\Prj\IAR\FX15_Debug\List\vcan_Kinetis.map
#    Command line =  
#        -f C:\Users\杨浩祥\AppData\Local\Temp\EW35B0.tmp ("H:\0
#        项目\电赛\学长2号\Prj\IAR\FX15_Debug\Obj\FDC2214.o" "H:\0
#        项目\电赛\学长2号\Prj\IAR\FX15_Debug\Obj\IIC.o" "H:\0
#        项目\电赛\学长2号\Prj\IAR\FX15_Debug\Obj\key.o" "H:\0
#        项目\电赛\学长2号\Prj\IAR\FX15_Debug\Obj\LED.o" "H:\0
#        项目\电赛\学长2号\Prj\IAR\FX15_Debug\Obj\main.o" "H:\0
#        项目\电赛\学长2号\Prj\IAR\FX15_Debug\Obj\misc.o" "H:\0
#        项目\电赛\学长2号\Prj\IAR\FX15_Debug\Obj\MK60_adc.o" "H:\0
#        项目\电赛\学长2号\Prj\IAR\FX15_Debug\Obj\MK60_can.o" "H:\0
#        项目\电赛\学长2号\Prj\IAR\FX15_Debug\Obj\MK60_conf.o" "H:\0
#        项目\电赛\学长2号\Prj\IAR\FX15_Debug\Obj\MK60_dac.o" "H:\0
#        项目\电赛\学长2号\Prj\IAR\FX15_Debug\Obj\MK60_dma.o" "H:\0
#        项目\电赛\学长2号\Prj\IAR\FX15_Debug\Obj\MK60_DWT.o" "H:\0
#        项目\电赛\学长2号\Prj\IAR\FX15_Debug\Obj\MK60_flash.o" "H:\0
#        项目\电赛\学长2号\Prj\IAR\FX15_Debug\Obj\MK60_flexbus.o" "H:\0
#        项目\电赛\学长2号\Prj\IAR\FX15_Debug\Obj\MK60_ftm.o" "H:\0
#        项目\电赛\学长2号\Prj\IAR\FX15_Debug\Obj\MK60_gpio.o" "H:\0
#        项目\电赛\学长2号\Prj\IAR\FX15_Debug\Obj\MK60_i2c.o" "H:\0
#        项目\电赛\学长2号\Prj\IAR\FX15_Debug\Obj\MK60_it.o" "H:\0
#        项目\电赛\学长2号\Prj\IAR\FX15_Debug\Obj\MK60_lptmr.o" "H:\0
#        项目\电赛\学长2号\Prj\IAR\FX15_Debug\Obj\MK60_mcg.o" "H:\0
#        项目\电赛\学长2号\Prj\IAR\FX15_Debug\Obj\MK60_PIT.o" "H:\0
#        项目\电赛\学长2号\Prj\IAR\FX15_Debug\Obj\MK60_port.o" "H:\0
#        项目\电赛\学长2号\Prj\IAR\FX15_Debug\Obj\MK60_rtc.o" "H:\0
#        项目\电赛\学长2号\Prj\IAR\FX15_Debug\Obj\MK60_sdhc.o" "H:\0
#        项目\电赛\学长2号\Prj\IAR\FX15_Debug\Obj\MK60_spi.o" "H:\0
#        项目\电赛\学长2号\Prj\IAR\FX15_Debug\Obj\MK60_SysTick.o" "H:\0
#        项目\电赛\学长2号\Prj\IAR\FX15_Debug\Obj\MK60_uart.o" "H:\0
#        项目\电赛\学长2号\Prj\IAR\FX15_Debug\Obj\MK60_wdog.o" "H:\0
#        项目\电赛\学长2号\Prj\IAR\FX15_Debug\Obj\oled.o" "H:\0
#        项目\电赛\学长2号\Prj\IAR\FX15_Debug\Obj\startup_MK60DZ10.o"
#        "H:\0
#        项目\电赛\学长2号\Prj\IAR\FX15_Debug\Obj\system_MK60DZ10.o"
#        "H:\0 项目\电赛\学长2号\Prj\IAR\FX15_Debug\Obj\vectors.o"
#        --redirect _Printf=_PrintfLargeNoMb --redirect _Scanf=_ScanfLargeNoMb
#        --no_out_extension -o "H:\0
#        项目\电赛\学长2号\Prj\IAR\FX15_Debug\Exe\vcan_Kinetis.out"
#        --map "H:\0
#        项目\电赛\学长2号\Prj\IAR\FX15_Debug\List\vcan_Kinetis.map"
#        --config "H:\0 项目\电赛\学长2号\Prj\IAR\config
#        files\vcan_ROM_K60X512.icf" "H:\0
#        项目\电赛\学长2号\Prj\IAR\..\..\Lib\CMSIS\iar_cortexM4l_math.a"
#        --entry __iar_program_start --redirect __write=__write_buffered --vfe
#        --text_out locale)
#
###############################################################################

*******************************************************************************
*** RUNTIME MODEL ATTRIBUTES
***

CppFlavor       = *
__SystemLibrary = DLib
__dlib_version  = 6


*******************************************************************************
*** HEAP SELECTION
***

The basic heap was selected because no calls to memory allocation
functions were found in the application outside of system library
functions, and there are calls to deallocation functions in the
application.


*******************************************************************************
*** PLACEMENT SUMMARY
***

"A0":  place at 0x0 { ro section .intvec };
"A1":  place at 0x410 { ro section .noinit };
define block CodeRelocate { section .textrw_init };
"P1":  place in [from 0x0 to 0x8'0000] |
                [from 0x1000'0000 to 0x1007'ffff] { ro, block CodeRelocate };
define block CodeRelocateRam { section .textrw };
define block CSTACK with size = 8K, alignment = 8 { };
define block HEAP with size = 8K, alignment = 8 { };
"P2":  place in [from 0x1fff'0410 to 0x2001'0000] {
          rw, block CodeRelocateRam, block CSTACK, block HEAP };
initialize manually with packing = copy, complex ranges { section .data };
initialize manually with packing = copy, complex ranges { section .textrw };

  Section              Kind         Address    Size  Object
  -------              ----         -------    ----  ------
"A0":                                         0x410
  .intvec              const            0x0   0x410  vectors.o [1]
                                    - 0x410   0x410

"A1":                                           0x8
  .noinit              ro code        0x410     0x8  startup_MK60DZ10.o [1]
                                    - 0x418     0x8

"P1":                                        0x3e10
  .text                ro code        0x418   0xc2e  xprintflarge_nomb.o [2]
  .text                ro code       0x1046    0x3a  zero_init3.o [4]
  .text                ro code       0x1080    0x16  strchr.o [4]
  .text                ro code       0x1098    0x40  xfail_s.o [2]
  .text                ro code       0x10d8    0x36  strlen.o [4]
  .text                ro code       0x1110    0x58  memchr.o [4]
  .text                ro code       0x1168   0x230  I64DivMod.o [4]
  .text                ro code       0x1398   0x1a2  DblMul.o [3]
  .text                ro code       0x153c    0xa6  ABImemcpy.o [4]
  .text                ro code       0x15e4    0x70  frexp.o [3]
  .text                ro code       0x1654    0x2e  DblCmpLe.o [3]
  .text                ro code       0x1684   0x246  DblDiv.o [3]
  .text                ro code       0x18cc    0x28  DblToU32.o [3]
  .text                ro code       0x18f4    0x1a  U32ToDbl.o [3]
  .text                ro code       0x1910    0xe2  DblSub.o [3]
  .text                ro code       0x19f4     0x8  xlocale_c.o [2]
  .text                ro code       0x19fc     0x6  abort.o [2]
  .text                ro code       0x1a04     0x2  I64DivZer.o [4]
  .text                ro code       0x1a08   0x16a  DblAdd.o [3]
  .text                ro code       0x1b74     0xc  XXexit.o [4]
  .data_init                         0x1b80   0x824  <Block>
    Initializer bytes  const         0x1b80   0x824  <for .data-1>
  .text                ro code       0x23a4   0x744  main.o [1]
  .text                ro code       0x2ae8   0x21a  IIC.o [1]
  .text                ro code       0x2d04   0x5a8  FDC2214.o [1]
  .text                ro code       0x32ac   0x2b0  MK60_uart.o [1]
  .text                ro code       0x355c    0x50  misc.o [1]
  .text                ro code       0x35ac    0x60  MK60_SysTick.o [1]
  .text                ro code       0x360c   0x204  MK60_gpio.o [1]
  .text                ro code       0x3810    0x28  printf.o [2]
  .text                ro code       0x3838    0x68  DblToFlt.o [3]
  .text                ro code       0x38a0    0x48  FltToDbl.o [3]
  .text                ro code       0x38e8    0x50  MK60_port.o [1]
  .text                ro code       0x3938    0x60  MK60_conf.o [1]
  .text                ro code       0x3998    0x2e  LED.o [1]
  Veneer               ro code       0x39c8     0x8  - Linker created -
  .text                ro code       0x39d0   0x3cc  MK60_mcg.o [1]
  .text                ro code       0x3d9c   0x124  system_MK60DZ10.o [1]
  .text                ro code       0x3ec0    0x40  MK60_wdog.o [1]
  CodeRelocate                       0x3f00    0x48  <Block>
    Initializer bytes  const         0x3f00    0x48  <for CodeRelocateRam-1>
  .rodata              const         0x3f48    0x44  MK60_SysTick.o [1]
  .rodata              const         0x3f8c    0x40  MK60_gpio.o [1]
  .rodata              const         0x3fcc    0x40  MK60_uart.o [1]
  .rodata              const         0x400c    0x3c  misc.o [1]
  .rodata              const         0x4048    0x3c  MK60_conf.o [1]
  .text                ro code       0x4084    0x28  data_init.o [4]
  .text                ro code       0x40ac    0x22  fpinit_M.o [3]
  .iar.init_table      const         0x40d0    0x10  - Linker created -
  .text                ro code       0x40e0    0x1e  cmain.o [4]
  .text                ro code       0x40fe     0x4  low_level_init.o [2]
  .text                ro code       0x4102     0x4  exit.o [2]
  .text                ro code       0x4108     0xa  cexit.o [4]
  .text                ro code       0x4112    0x16  xprout.o [2]
  .text                ro code       0x4128     0xc  putchar.o [2]
  .rodata              const         0x4134    0x10  main.o [1]
  .rodata              const         0x4144    0x10  main.o [1]
  .rodata              const         0x4154    0x10  main.o [1]
  .rodata              const         0x4164    0x10  main.o [1]
  .rodata              const         0x4174    0x10  main.o [1]
  .rodata              const         0x4184    0x10  main.o [1]
  .rodata              const         0x4194    0x10  main.o [1]
  .rodata              const         0x41a4    0x10  main.o [1]
  .rodata              const         0x41b4    0x10  main.o [1]
  .rodata              const         0x41c4     0xc  main.o [1]
  .rodata              const         0x41d0     0xc  main.o [1]
  .rodata              const         0x41dc     0xc  main.o [1]
  .rodata              const         0x41e8     0xc  main.o [1]
  .rodata              const         0x41f4     0xc  main.o [1]
  .rodata              const         0x4200     0xc  main.o [1]
  .rodata              const         0x420c     0xc  main.o [1]
  .text                ro code       0x4218     0xc  cstartup_M.o [4]
  .rodata              const         0x4224     0x4  xlocale_c.o [2]
  .rodata              const         0x4228     0x0  zero_init3.o [4]
                                   - 0x4228  0x3e10

"P2", part 1 of 2:                            0x86c
  .data                         0x1fff'0410   0x824  <Block>
    .data-1                     0x1fff'0410   0x824  <Init block>
      .data            inited   0x1fff'0410   0x708  MK60_conf.o [1]
      .data            inited   0x1fff'0b18    0x14  MK60_gpio.o [1]
      .data            inited   0x1fff'0b2c    0x58  MK60_mcg.o [1]
      .data            inited   0x1fff'0b84     0x4  MK60_mcg.o [1]
      .data            inited   0x1fff'0b88    0x14  MK60_port.o [1]
      .data            inited   0x1fff'0b9c    0x18  MK60_uart.o [1]
      .data            inited   0x1fff'0bb4    0x38  xlocale_c.o [2]
      .data            inited   0x1fff'0bec    0x48  xfiles.o [2]
  CodeRelocateRam               0x1fff'0c34    0x48  <Block>
    CodeRelocateRam-1           0x1fff'0c34    0x48  <Init block>
      .textrw          inited   0x1fff'0c34    0x48  MK60_mcg.o [1]
                              - 0x1fff'0c7c   0x86c

"P2", part 2 of 2:                            0x138
  .bss                          0x1fff'0c80   0x138  <Block>
    .bss               zero     0x1fff'0c80    0x20  FDC2214.o [1]
    .bss               zero     0x1fff'0ca0     0x4  FDC2214.o [1]
    .bss               zero     0x1fff'0ca4     0x4  main.o [1]
    .bss               zero     0x1fff'0ca8     0x4  main.o [1]
    .bss               zero     0x1fff'0cac     0x4  main.o [1]
    .bss               zero     0x1fff'0cb0    0x1c  main.o [1]
    .bss               zero     0x1fff'0ccc     0x4  main.o [1]
    .bss               zero     0x1fff'0cd0    0x40  main.o [1]
    .bss               zero     0x1fff'0d10    0x20  main.o [1]
    .bss               zero     0x1fff'0d30     0x4  main.o [1]
    .bss               zero     0x1fff'0d34     0x4  main.o [1]
    .bss               zero     0x1fff'0d38     0x4  main.o [1]
    .bss               zero     0x1fff'0d3c     0x4  main.o [1]
    .bss               zero     0x1fff'0d40     0x4  main.o [1]
    .bss               zero     0x1fff'0d44     0x4  main.o [1]
    .bss               zero     0x1fff'0d48     0x4  main.o [1]
    .bss               zero     0x1fff'0d4c     0x4  main.o [1]
    .bss               zero     0x1fff'0d50     0x4  system_MK60DZ10.o [1]
    .bss               zero     0x1fff'0d54     0x4  system_MK60DZ10.o [1]
    .bss               zero     0x1fff'0d58     0x4  system_MK60DZ10.o [1]
    .bss               zero     0x1fff'0d5c     0x4  xfail_s.o [2]
    .bss               zero     0x1fff'0d60    0x50  xfiles.o [2]
    .bss               zero     0x1fff'0db0     0x2  FDC2214.o [1]
    .bss               zero     0x1fff'0db2     0x1  main.o [1]
                              - 0x1fff'0db4   0x138

Unused ranges:

         From           To      Size
         ----           --      ----
       0x4228     0x8'0000  0x7'bdd9
  0x1000'0000  0x1007'ffff  0x8'0000
  0x1fff'0db4  0x2001'0000  0x1'f24d


*******************************************************************************
*** INIT TABLE
***

          Address      Size
          -------      ----
Zero (__iar_zero_init3)
    1 destination range, total size 0x133:
          0x1fff'0c80  0x133



*******************************************************************************
*** MODULE SUMMARY
***

    Module               ro code  rw code  ro data  rw data
    ------               -------  -------  -------  -------
command line/config:
    -------------------------------------------------------
    Total:

H:\0   项目\电赛\学长2号\Prj\IAR\FX15_Debug\Obj: [1]
    FDC2214.o              1 448                         38
    IIC.o                    538
    LED.o                     46
    MK60_SysTick.o            96                68
    MK60_conf.o               96             1 860    1 800
    MK60_gpio.o              516                84       20
    MK60_mcg.o               972       72      164       92
    MK60_port.o               80                20       20
    MK60_uart.o              688                88       24
    MK60_wdog.o               64
    main.o                 1 860               228      173
    misc.o                    80                60
    startup_MK60DZ10.o         8
    system_MK60DZ10.o        292                         12
    vectors.o                                1 040
    -------------------------------------------------------
    Total:                 6 784       72    3 612    2 179

dl7M_tlf.a: [2]
    abort.o                    6
    exit.o                     4
    low_level_init.o           4
    printf.o                  40
    putchar.o                 12
    xfail_s.o                 64                          4
    xfiles.o                                    72      152
    xlocale_c.o                8                60       56
    xprintflarge_nomb.o    3 118
    xprout.o                  22
    -------------------------------------------------------
    Total:                 3 278               132      212

m7M_tls.a: [3]
    DblAdd.o                 362
    DblCmpLe.o                46
    DblDiv.o                 582
    DblMul.o                 418
    DblSub.o                 226
    DblToFlt.o               104
    DblToU32.o                40
    FltToDbl.o                72
    U32ToDbl.o                26
    fpinit_M.o                34
    frexp.o                  112
    -------------------------------------------------------
    Total:                 2 022

rt7M_tl.a: [4]
    ABImemcpy.o              166
    I64DivMod.o              560
    I64DivZer.o                2
    XXexit.o                  12
    cexit.o                   10
    cmain.o                   30
    cstartup_M.o              12
    data_init.o               40
    memchr.o                  88
    strchr.o                  22
    strlen.o                  54
    zero_init3.o              58
    -------------------------------------------------------
    Total:                 1 054

    Gaps                      28                 2
    Linker created             8                16
-----------------------------------------------------------
    Grand Total:          13 174       72    3 762    2 391


*******************************************************************************
*** ENTRY LIST
***

Entry                       Address   Size  Type      Object
-----                       -------   ----  ----      ------
.bss$$Base              0x1fff'0c80          --   Gb  - Linker created -
.bss$$Limit             0x1fff'0db4          --   Gb  - Linker created -
.data$$Base             0x1fff'0410          --   Gb  - Linker created -
.data$$Limit            0x1fff'0c34          --   Gb  - Linker created -
.data_init$$Base             0x1b80          --   Gb  - Linker created -
.data_init$$Limit            0x23a4          --   Gb  - Linker created -
.iar.init_table$$Base        0x40d0          --   Gb  - Linker created -
.iar.init_table$$Limit       0x40e0          --   Gb  - Linker created -
?main                        0x40e1         Code  Gb  cmain.o [4]
CHx_FIN_SEL             0x1fff'0ca0    0x4  Data  Gb  FDC2214.o [1]
CodeRelocate$$Base           0x3f00          --   Gb  - Linker created -
CodeRelocate$$Limit          0x3f48          --   Gb  - Linker created -
CodeRelocateRam$$Base   0x1fff'0c34          --   Gb  - Linker created -
CodeRelocateRam$$Limit  0x1fff'0c7c          --   Gb  - Linker created -
Delay                        0x2ae9   0x20  Code  Lc  IIC.o [1]
FDC2214_CalculateFrequency
                             0x3161   0x5c  Code  Gb  FDC2214.o [1]
FDC2214_GetChannelData       0x2d9f   0xb6  Code  Gb  FDC2214.o [1]
FDC2214_Init                 0x31bd   0xd8  Code  Gb  FDC2214.o [1]
FDC2214_Read16               0x2d4b   0x54  Code  Gb  FDC2214.o [1]
FDC2214_Reset                0x30f5   0x10  Code  Gb  FDC2214.o [1]
FDC2214_SetChannelClock
                             0x2f03   0x98  Code  Gb  FDC2214.o [1]
FDC2214_SetClockSource       0x3053   0x30  Code  Gb  FDC2214.o [1]
FDC2214_SetCurrentMode       0x3023   0x30  Code  Gb  FDC2214.o [1]
FDC2214_SetDriveCurrent
                             0x3105   0x5a  Code  Gb  FDC2214.o [1]
FDC2214_SetHighCurrentMode
                             0x3083   0x30  Code  Gb  FDC2214.o [1]
FDC2214_SetINTB              0x2f9b   0x58  Code  Gb  FDC2214.o [1]
FDC2214_SetMUX_CONFIG        0x30b3   0x42  Code  Gb  FDC2214.o [1]
FDC2214_SetRcount            0x2e55   0x5c  Code  Gb  FDC2214.o [1]
FDC2214_SetSettleCount       0x2eb1   0x52  Code  Gb  FDC2214.o [1]
FDC2214_SetSleepMode         0x2ff3   0x30  Code  Gb  FDC2214.o [1]
FDC2214_Write16              0x2d05   0x46  Code  Gb  FDC2214.o [1]
GPIOX                   0x1fff'0b18   0x14  Data  Gb  MK60_gpio.o [1]
IIC_Ack                      0x2be1   0x38  Code  Gb  IIC.o [1]
IIC_Init                     0x2b09   0x18  Code  Gb  IIC.o [1]
IIC_NAck                     0x2c19   0x38  Code  Gb  IIC.o [1]
IIC_Read_Byte                0x2ca5   0x5e  Code  Gb  IIC.o [1]
IIC_Send_Byte                0x2c51   0x54  Code  Gb  IIC.o [1]
IIC_Start                    0x2b21   0x38  Code  Gb  IIC.o [1]
IIC_Stop                     0x2b59   0x38  Code  Gb  IIC.o [1]
IIC_Wait_Ack                 0x2b91   0x50  Code  Gb  IIC.o [1]
LED_Toggle                   0x3999   0x2e  Code  Gb  LED.o [1]
LoadInt                       0x5bd   0x7a  Code  Lc  xprintflarge_nomb.o [2]
NVIC_EnableIRQ               0x32ad   0x18  Code  Lc  MK60_uart.o [1]
PORTX                   0x1fff'0b88   0x14  Data  Gb  MK60_port.o [1]
Region$$Table$$Base          0x40d0          --   Gb  - Linker created -
Region$$Table$$Limit         0x40e0          --   Gb  - Linker created -
Reset_Handler                 0x411         Code  Gb  startup_MK60DZ10.o [1]
UARTN                   0x1fff'0b9c   0x18  Data  Gb  MK60_uart.o [1]
_GenldLargeNoMb               0xd65  0x24c  Code  Lc  xprintflarge_nomb.o [2]
_LdtobLargeNoMb               0xaff  0x23e  Code  Lc  xprintflarge_nomb.o [2]
_LitobLargeNoMb               0x9a7  0x112  Code  Lc  xprintflarge_nomb.o [2]
_Locale_lconv           0x1fff'0bb4   0x38  Data  Lc  xlocale_c.o [2]
_PrintfLargeNoMb              0x419  0x19e  Code  Gb  xprintflarge_nomb.o [2]
_Prout                       0x4113   0x16  Code  Gb  xprout.o [2]
_PutcharsLargeNoMb            0xfb1   0x2e  Code  Lc  xprintflarge_nomb.o [2]
_PutfldLargeNoMb              0x637  0x264  Code  Lc  xprintflarge_nomb.o [2]
_PuttxtLargeNoMb              0x89b  0x10c  Code  Lc  xprintflarge_nomb.o [2]
__BOOT_STACK_ADDRESS {Abs}
                        0x2000'fff8         Data  Gb  <internal module>
__VECTOR_RAM {Abs}      0x1fff'0000         Data  Gb  <internal module>
__VECTOR_TABLE {Abs}            0x0         Data  Gb  <internal module>
__aeabi_cdcmple              0x1655         Code  Gb  DblCmpLe.o [3]
__aeabi_d2f                  0x3839         Code  Gb  DblToFlt.o [3]
__aeabi_d2uiz                0x18cd         Code  Gb  DblToU32.o [3]
__aeabi_ddiv                 0x1685         Code  Gb  DblDiv.o [3]
__aeabi_dmul                 0x1399         Code  Gb  DblMul.o [3]
__aeabi_dsub                 0x1911         Code  Gb  DblSub.o [3]
__aeabi_f2d                  0x38a1         Code  Gb  FltToDbl.o [3]
__aeabi_ldiv0                0x1a05         Code  Gb  I64DivZer.o [4]
__aeabi_memcpy               0x153d         Code  Gb  ABImemcpy.o [4]
__aeabi_memcpy4              0x155d         Code  Gb  ABImemcpy.o [4]
__aeabi_memcpy8              0x155d         Code  Gb  ABImemcpy.o [4]
__aeabi_ui2d                 0x18f5         Code  Gb  U32ToDbl.o [3]
__aeabi_uldivmod             0x1169         Code  Gb  I64DivMod.o [4]
__cmain                      0x40e1         Code  Gb  cmain.o [4]
__code_start__ {Abs}          0x410         Data  Gb  <internal module>
__exit                       0x1b75         Code  Gb  XXexit.o [4]
__iar_Fail_s                 0x1099   0x1c  Code  Gb  xfail_s.o [2]
__iar_Memchr                 0x1111         Code  Gb  memchr.o [4]
__iar_Stdout            0x1fff'0bec   0x48  Data  Gb  xfiles.o [2]
__iar_Strchr                 0x1081         Code  Gb  strchr.o [4]
__iar_dadd                   0x1921         Code  Gb  DblSub.o [3]
__iar_data_init3             0x4085   0x28  Code  Gb  data_init.o [4]
__iar_dsub                   0x1a09         Code  Gb  DblAdd.o [3]
__iar_dsubStart              0x1a1b         Code  Gb  DblAdd.o [3]
__iar_frexp                  0x15f1         Code  Gb  frexp.o [3]
__iar_frexpl                 0x15f1         Code  Gb  frexp.o [3]
__iar_init_vfp               0x40ad         Code  Gb  fpinit_M.o [3]
__iar_program_start          0x4219         Code  Gb  cstartup_M.o [4]
__iar_softfp___iar_frexp64
                             0x15e5         Code  Gb  frexp.o [3]
__iar_softfp_frexp           0x15e5         Code  Gb  frexp.o [3]
__iar_softfp_frexpl          0x15e5         Code  Gb  frexp.o [3]
__iar_zero_init3             0x1047   0x3a  Code  Gb  zero_init3.o [4]
__low_level_init             0x40ff    0x4  Code  Gb  low_level_init.o [2]
__vector_table                  0x0  0x410  Data  Gb  vectors.o [1]
_call_main                   0x40ed         Code  Gb  cmain.o [4]
_exit                        0x4109         Code  Gb  cexit.o [4]
_main                        0x40fb         Code  Gb  cmain.o [4]
abort                        0x19fd    0x6  Code  Gb  abort.o [2]
assert_failed                0x3939   0x16  Code  Gb  MK60_conf.o [1]
bus_clk_khz             0x1fff'0d58    0x4  Data  Gb  system_MK60DZ10.o [1]
caiquan                      0x2429   0xce  Code  Gb  main.o [1]
ch                      0x1fff'0db2    0x1  Data  Lc  main.o [1]
common_startup               0x3e01   0x84  Code  Gb  system_MK60DZ10.o [1]
core_clk_khz            0x1fff'0d50    0x4  Data  Gb  system_MK60DZ10.o [1]
core_clk_mhz            0x1fff'0d54    0x4  Data  Gb  system_MK60DZ10.o [1]
date2                   0x1fff'0ca4    0x4  Data  Gb  main.o [1]
date7                   0x1fff'0cb0   0x1c  Data  Gb  main.o [1]
default_isr                  0x3965   0x26  Code  Gb  MK60_conf.o [1]
deviceID                0x1fff'0db0    0x2  Data  Gb  FDC2214.o [1]
exit                         0x4103    0x4  Code  Gb  exit.o [2]
fREFx                   0x1fff'0c80   0x20  Data  Gb  FDC2214.o [1]
fivemsec_flag           0x1fff'0ccc    0x4  Data  Lc  main.o [1]
fputc                        0x394f   0x14  Code  Gb  MK60_conf.o [1]
fre1                    0x1fff'0ca8    0x4  Data  Gb  main.o [1]
fre2                    0x1fff'0cac    0x4  Data  Gb  main.o [1]
gpio_ddr                     0x36c3   0x58  Code  Gb  MK60_gpio.o [1]
gpio_get                     0x37cb   0x3c  Code  Gb  MK60_gpio.o [1]
gpio_init                    0x360d   0xb6  Code  Gb  MK60_gpio.o [1]
gpio_set                     0x371b   0x76  Code  Gb  MK60_gpio.o [1]
gpio_turn                    0x3791   0x3a  Code  Gb  MK60_gpio.o [1]
huaquan                      0x24f7  0x12e  Code  Gb  main.o [1]
localeconv                   0x19f5    0x4  Code  Gb  xlocale_c.o [2]
main                         0x23a5   0x84  Code  Gb  main.o [1]
mcg_cfg                 0x1fff'0b2c   0x58  Data  Gb  MK60_mcg.o [1]
mcg_div                 0x1fff'0b84    0x4  Data  Gb  MK60_mcg.o [1]
mcg_div_count                0x39d1  0x31a  Code  Gb  MK60_mcg.o [1]
memchr                       0x1111         Code  Gb  memchr.o [4]
mg                      0x1fff'0cd0   0x40  Data  Gb  main.o [1]
obuf                    0x1fff'0d60   0x50  Data  Lc  xfiles.o [2]
pd                      0x1fff'0d10   0x20  Data  Lc  main.o [1]
pingjun                      0x2a29   0x3a  Code  Gb  main.o [1]
pll_init                     0x3ceb   0x96  Code  Gb  MK60_mcg.o [1]
port_init                    0x38e9   0x48  Code  Gb  MK60_port.o [1]
printf                       0x3811   0x28  Code  Gb  printf.o [2]
putchar                      0x4129    0xc  Code  Gb  putchar.o [2]
scale                         0xab9   0x46  Code  Lc  xprintflarge_nomb.o [2]
sec_hand                0x1fff'0d5c    0x4  Data  Lc  xfail_s.o [2]
set_sys_dividers        0x1fff'0c35   0x48  Code  Gb  MK60_mcg.o [1]
set_vector_handler           0x357f   0x22  Code  Gb  misc.o [1]
start                        0x3d9d   0x2c  Code  Gb  system_MK60DZ10.o [1]
start_check                  0x3963    0x2  Code  Gb  MK60_conf.o [1]
strchr                       0x1081         Code  Gb  strchr.o [4]
strlen                       0x10d9         Code  Gb  strlen.o [4]
sysinit                      0x3dc9   0x38  Code  Gb  system_MK60DZ10.o [1]
systick_delay                0x35ad   0x32  Code  Gb  MK60_SysTick.o [1]
systick_delay_ms             0x35df   0x18  Code  Gb  MK60_SysTick.o [1]
uart4_handler                0x2a05   0x24  Code  Gb  main.o [1]
uart_getchar                 0x34bb   0x20  Code  Gb  MK60_uart.o [1]
uart_init                    0x32c5  0x1f6  Code  Gb  MK60_uart.o [1]
uart_putchar                 0x34db   0x1c  Code  Gb  MK60_uart.o [1]
uart_query                   0x34f7   0x1a  Code  Gb  MK60_uart.o [1]
uart_rx_irq_en               0x3511   0x2e  Code  Gb  MK60_uart.o [1]
vector_str              0x1fff'0410  0x708  Data  Gb  MK60_conf.o [1]
wdog_disable                 0x3ec1   0x14  Code  Gb  MK60_wdog.o [1]
wdog_unlock                  0x3ed5   0x20  Code  Lc  MK60_wdog.o [1]
write_vtor                   0x355d   0x22  Code  Gb  misc.o [1]
xuexi                        0x2625  0x3e0  Code  Gb  main.o [1]
xuexi::a                0x1fff'0d30    0x4  Data  Lc  main.o [1]
xuexi::b                0x1fff'0d34    0x4  Data  Lc  main.o [1]
xuexi::c                0x1fff'0d38    0x4  Data  Lc  main.o [1]
xuexi::d                0x1fff'0d3c    0x4  Data  Lc  main.o [1]
xuexi::e                0x1fff'0d40    0x4  Data  Lc  main.o [1]
xuexi::f                0x1fff'0d44    0x4  Data  Lc  main.o [1]
xuexi::g                0x1fff'0d48    0x4  Data  Lc  main.o [1]
xuexi::h                0x1fff'0d4c    0x4  Data  Lc  main.o [1]


[1] = H:\0   项目\电赛\学长2号\Prj\IAR\FX15_Debug\Obj
[2] = dl7M_tlf.a
[3] = m7M_tls.a
[4] = rt7M_tl.a

  13 174 bytes of readonly  code memory
      72 bytes of readwrite code memory
   3 762 bytes of readonly  data memory
   2 391 bytes of readwrite data memory

Errors: none
Warnings: none
